
========== Flatpak build started ==========


========== Environment ==========

[2026-06-17 15:01:13 UTC] hostname                 furtabs
[2026-06-17 15:01:13 UTC] user                     furtabs
[2026-06-17 15:01:13 UTC] pwd                      /home/furtabs/Desktop/RMG
[2026-06-17 15:01:13 UTC] repo                     /home/furtabs/Desktop/RMG
[2026-06-17 15:01:13 UTC] bundle output            /home/furtabs/Desktop/RMG/MupenMPN-linux.flatpak
[2026-06-17 15:01:13 UTC] build dir                /tmp/flatpak-build-dir
[2026-06-17 15:01:13 UTC] state dir                /home/furtabs/Desktop/RMG/.flatpak-builder
[2026-06-17 15:01:13 UTC] repo dir                 /tmp/flatpak-repo
[2026-06-17 15:01:13 UTC] app id                   org.mariopartynetplay.RMG-MPN
[2026-06-17 15:01:13 UTC] git branch               master
[2026-06-17 15:01:13 UTC] git commit               bd4ae898c232027fe17ee286f15d840d3ed5e272
[2026-06-17 15:01:13 UTC] git describe             2f7a101-1-gbd4ae898-dirty
[2026-06-17 15:01:13 UTC] warning: working tree has uncommitted changes
 M .github/workflows/build.yml
 M .gitignore
 M CMakeLists.txt
 M Package/flatpak.yml
 m Source/3rdParty/libdatachannel
?? Package/Flatpak/
[2026-06-17 15:01:13 UTC] flatpak                  Flatpak 1.16.6
[2026-06-17 15:01:13 UTC] flatpak-builder          not found
[2026-06-17 15:01:13 UTC] cmake                    cmake version 4.3.3
[2026-06-17 15:01:13 UTC] ninja                    1.13.2
[2026-06-17 15:01:13 UTC] pkg-config               2.5.1
[2026-06-17 15:01:13 UTC] python3                  Python 3.14.5
[2026-06-17 15:01:13 UTC] disk space:
Filesystem      Size  Used Avail Use% Mounted on
/dev/sda1       233G   37G  193G  16% /home
tmpfs            16G   43M   16G   1% /tmp

========== Prepare local manifest ==========

[2026-06-17 15:01:13 UTC] manifest source          /home/furtabs/Desktop/RMG/Package/Flatpak/../flatpak.yml
[2026-06-17 15:01:13 UTC] local manifest           /tmp/flatpak-local.MlQzko.yml
[2026-06-17 15:01:13 UTC] source tree              /home/furtabs/Desktop/RMG
[2026-06-17 15:01:13 UTC] RMG-MPN sources section:
  - name: RMG-MPN
[2026-06-17 15:01:13 UTC] flathub remote already configured

========== flatpak-builder ==========

[2026-06-17 15:01:13 UTC] command: flatpak-builder --verbose --state-dir=/home/furtabs/Desktop/RMG/.flatpak-builder --repo=/tmp/flatpak-repo --force-clean --install-deps-from=flathub /tmp/flatpak-build-dir /tmp/flatpak-local.MlQzko.yml
./Package/Flatpak/Build.sh: line 64: flatpak-builder: command not found
[2026-06-17 15:01:13 UTC] FAILED: flatpak-builder (0s, exit 127)

========== Build error context ==========

[2026-06-17 15:01:13 UTC] no module build.log files found under /home/furtabs/Desktop/RMG/.flatpak-builder/build
total 4
drwxr-xr-x 1 root root  50 Jun 17 10:44 .
drwxr-xr-x 1 root root  82 Jun 17 10:43 ..
lrwxrwxrwx 1 root root   9 Jun 17 10:44 minizip -> minizip-2
drwxr-xr-x 1 root root 904 Jun 17 10:43 minizip-1
drwxr-xr-x 1 root root 904 Jun 17 10:44 minizip-2
